2026-06-19 14:54:13.120 [main] INFO  c.project.datasource.DbInitializer.init(48) - QUERY 1:
CREATE TABLE IF NOT EXISTS projekt(
 projekt_id SERIAL, --SERIAL lub INTEGER GENERATED BY DEFAULT AS IDENTITY(START WITH 1, INCREMENT BY 1)
 nazwa VARCHAR(50) NOT NULL,
 opis VARCHAR(1000),
 dataczas_utworzenia TIMESTAMP DEFAULT now(),
 data_oddania DATE,
 CONSTRAINT projekt_pk PRIMARY KEY (projekt_id)
);
CREATE TABLE IF NOT EXISTS zadanie(
 zadanie_id SERIAL, --SERIAL lub INTEGER GENERATED BY DEFAULT AS IDENTITY(START WITH 1, INCREMENT BY 1)
 nazwa VARCHAR(50) NOT NULL,
 opis VARCHAR(1000),
 kolejnosc INTEGER,
 dataczas_utworzenia TIMESTAMP DEFAULT now(),
 projekt_id INTEGER NOT NULL,
 CONSTRAINT zadanie_pk PRIMARY KEY (zadanie_id)
);

2026-06-19 14:54:13.129 [main] INFO  c.project.datasource.DbInitializer.init(48) - QUERY 2:
CREATE INDEX IF NOT EXISTS projekt_nazwa_idx ON projekt(nazwa);
CREATE INDEX IF NOT EXISTS zadanie_nazwa_idx ON zadanie(nazwa);
ALTER TABLE zadanie ADD CONSTRAINT IF NOT EXISTS zadanie_projekt_fk FOREIGN KEY (projekt_id) REFERENCES projekt (projekt_id) ON DELETE CASCADE;
ALTER TABLE zadanie ADD CONSTRAINT IF NOT EXISTS unique_kolejnosc UNIQUE (kolejnosc, projekt_id);

2026-06-19 14:54:36.331 [JavaFX Application Thread] ERROR c.p.controller.ProjectController.openZadanieFrame(503) - Błąd podczas otwierania okna zadań.
java.lang.IllegalStateException: Location is not set.
	at javafx.fxml@23.0.2/javafx.fxml.FXMLLoader.loadImpl(FXMLLoader.java:2561)
	at javafx.fxml@23.0.2/javafx.fxml.FXMLLoader.load(FXMLLoader.java:2536)
	at project.jfx.client/com.project.controller.ProjectController.openZadanieFrame(ProjectController.java:496)
	at project.jfx.client/com.project.controller.ProjectController$3.lambda$new$2(ProjectController.java:163)
	at javafx.base@23.0.2/com.sun.javafx.event.CompositeEventHandler.dispatchBubblingEvent(CompositeEventHandler.java:86)
	at javafx.base@23.0.2/com.sun.javafx.event.EventHandlerManager.dispatchBubblingEvent(EventHandlerManager.java:232)
	at javafx.base@23.0.2/com.sun.javafx.event.EventHandlerManager.dispatchBubblingEvent(EventHandlerManager.java:189)
	at javafx.base@23.0.2/com.sun.javafx.event.CompositeEventDispatcher.dispatchBubblingEvent(CompositeEventDispatcher.java:59)
	at javafx.base@23.0.2/com.sun.javafx.event.BasicEventDispatcher.dispatchEvent(BasicEventDispatcher.java:58)
	at javafx.base@23.0.2/com.sun.javafx.event.EventDispatchChainImpl.dispatchEvent(EventDispatchChainImpl.java:114)
	at javafx.base@23.0.2/com.sun.javafx.event.BasicEventDispatcher.dispatchEvent(BasicEventDispatcher.java:56)
	at javafx.base@23.0.2/com.sun.javafx.event.EventDispatchChainImpl.dispatchEvent(EventDispatchChainImpl.java:114)
	at javafx.base@23.0.2/com.sun.javafx.event.BasicEventDispatcher.dispatchEvent(BasicEventDispatcher.java:56)
	at javafx.base@23.0.2/com.sun.javafx.event.EventDispatchChainImpl.dispatchEvent(EventDispatchChainImpl.java:114)
	at javafx.base@23.0.2/com.sun.javafx.event.BasicEventDispatcher.dispatchEvent(BasicEventDispatcher.java:56)
	at javafx.base@23.0.2/com.sun.javafx.event.EventDispatchChainImpl.dispatchEvent(EventDispatchChainImpl.java:114)
	at javafx.base@23.0.2/com.sun.javafx.event.BasicEventDispatcher.dispatchEvent(BasicEventDispatcher.java:56)
	at javafx.base@23.0.2/com.sun.javafx.event.EventDispatchChainImpl.dispatchEvent(EventDispatchChainImpl.java:114)
	at javafx.base@23.0.2/com.sun.javafx.event.BasicEventDispatcher.dispatchEvent(BasicEventDispatcher.java:56)
	at javafx.base@23.0.2/com.sun.javafx.event.EventDispatchChainImpl.dispatchEvent(EventDispatchChainImpl.java:114)
	at javafx.base@23.0.2/com.sun.javafx.event.BasicEventDispatcher.dispatchEvent(BasicEventDispatcher.java:56)
	at javafx.base@23.0.2/com.sun.javafx.event.EventDispatchChainImpl.dispatchEvent(EventDispatchChainImpl.java:114)
	at javafx.base@23.0.2/com.sun.javafx.event.EventUtil.fireEventImpl(EventUtil.java:74)
	at javafx.base@23.0.2/com.sun.javafx.event.EventUtil.fireEvent(EventUtil.java:49)
	at javafx.base@23.0.2/javafx.event.Event.fireEvent(Event.java:199)
	at javafx.graphics@23.0.2/javafx.scene.Node.fireEvent(Node.java:8963)
	at javafx.controls@23.0.2/javafx.scene.control.Button.fire(Button.java:203)
	at javafx.controls@23.0.2/com.sun.javafx.scene.control.behavior.ButtonBehavior.mouseReleased(ButtonBehavior.java:207)
	at javafx.controls@23.0.2/com.sun.javafx.scene.control.inputmap.InputMap.handle(InputMap.java:274)
	at javafx.base@23.0.2/com.sun.javafx.event.CompositeEventHandler$NormalEventHandlerRecord.handleBubblingEvent(CompositeEventHandler.java:247)
	at javafx.base@23.0.2/com.sun.javafx.event.CompositeEventHandler.dispatchBubblingEvent(CompositeEventHandler.java:80)
	at javafx.base@23.0.2/com.sun.javafx.event.EventHandlerManager.dispatchBubblingEvent(EventHandlerManager.java:232)
	at javafx.base@23.0.2/com.sun.javafx.event.EventHandlerManager.dispatchBubblingEvent(EventHandlerManager.java:189)
	at javafx.base@23.0.2/com.sun.javafx.event.CompositeEventDispatcher.dispatchBubblingEvent(CompositeEventDispatcher.java:59)
	at javafx.base@23.0.2/com.sun.javafx.event.BasicEventDispatcher.dispatchEvent(BasicEventDispatcher.java:58)
	at javafx.base@23.0.2/com.sun.javafx.event.EventDispatchChainImpl.dispatchEvent(EventDispatchChainImpl.java:114)
	at javafx.base@23.0.2/com.sun.javafx.event.BasicEventDispatcher.dispatchEvent(BasicEventDispatcher.java:56)
	at javafx.base@23.0.2/com.sun.javafx.event.EventDispatchChainImpl.dispatchEvent(EventDispatchChainImpl.java:114)
	at javafx.base@23.0.2/com.sun.javafx.event.BasicEventDispatcher.dispatchEvent(BasicEventDispatcher.java:56)
	at javafx.base@23.0.2/com.sun.javafx.event.EventDispatchChainImpl.dispatchEvent(EventDispatchChainImpl.java:114)
	at javafx.base@23.0.2/com.sun.javafx.event.BasicEventDispatcher.dispatchEvent(BasicEventDispatcher.java:56)
	at javafx.base@23.0.2/com.sun.javafx.event.EventDispatchChainImpl.dispatchEvent(EventDispatchChainImpl.java:114)
	at javafx.base@23.0.2/com.sun.javafx.event.BasicEventDispatcher.dispatchEvent(BasicEventDispatcher.java:56)
	at javafx.base@23.0.2/com.sun.javafx.event.EventDispatchChainImpl.dispatchEvent(EventDispatchChainImpl.java:114)
	at javafx.base@23.0.2/com.sun.javafx.event.BasicEventDispatcher.dispatchEvent(BasicEventDispatcher.java:56)
	at javafx.base@23.0.2/com.sun.javafx.event.EventDispatchChainImpl.dispatchEvent(EventDispatchChainImpl.java:114)
	at javafx.base@23.0.2/com.sun.javafx.event.BasicEventDispatcher.dispatchEvent(BasicEventDispatcher.java:56)
	at javafx.base@23.0.2/com.sun.javafx.event.EventDispatchChainImpl.dispatchEvent(EventDispatchChainImpl.java:114)
	at javafx.base@23.0.2/com.sun.javafx.event.EventUtil.fireEventImpl(EventUtil.java:74)
	at javafx.base@23.0.2/com.sun.javafx.event.EventUtil.fireEvent(EventUtil.java:54)
	at javafx.base@23.0.2/javafx.event.Event.fireEvent(Event.java:199)
	at javafx.graphics@23.0.2/javafx.scene.Scene$MouseHandler.process(Scene.java:3987)
	at javafx.graphics@23.0.2/javafx.scene.Scene.processMouseEvent(Scene.java:1893)
	at javafx.graphics@23.0.2/javafx.scene.Scene$ScenePeerListener.mouseEvent(Scene.java:2711)
	at javafx.graphics@23.0.2/com.sun.javafx.tk.quantum.GlassViewEventHandler$MouseEventNotification.run(GlassViewEventHandler.java:411)
	at javafx.graphics@23.0.2/com.sun.javafx.tk.quantum.GlassViewEventHandler$MouseEventNotification.run(GlassViewEventHandler.java:301)
	at java.base/java.security.AccessController.doPrivileged(AccessController.java:400)
	at javafx.graphics@23.0.2/com.sun.javafx.tk.quantum.GlassViewEventHandler.lambda$handleMouseEvent$2(GlassViewEventHandler.java:450)
	at javafx.graphics@23.0.2/com.sun.javafx.tk.quantum.QuantumToolkit.runWithoutRenderLock(QuantumToolkit.java:430)
	at javafx.graphics@23.0.2/com.sun.javafx.tk.quantum.GlassViewEventHandler.handleMouseEvent(GlassViewEventHandler.java:449)
	at javafx.graphics@23.0.2/com.sun.glass.ui.View.handleMouseEvent(View.java:560)
	at javafx.graphics@23.0.2/com.sun.glass.ui.View.notifyMouse(View.java:946)
	at javafx.graphics@23.0.2/com.sun.glass.ui.win.WinApplication._runLoop(Native Method)
	at javafx.graphics@23.0.2/com.sun.glass.ui.win.WinApplication.lambda$runLoop$3(WinApplication.java:184)
	at java.base/java.lang.Thread.run(Thread.java:1583)
